// Jest Snapshot v1, https://goo.gl/fbAQLP

exports[`RepoInfo component it matches the snapshot when passing all required props 1`] = `
<div
  className="repo"
>
  <div
    className="ant-breadcrumb"
  >
    <span>
      <span
        className="ant-breadcrumb-link"
      >
        <span
          aria-label={null}
          className="ant-typography repo__text"
          style={
            Object {
              "WebkitLineClamp": null,
            }
          }
        >
          <strong>
            facebook
          </strong>
        </span>
      </span>
      <span
        className="ant-breadcrumb-separator"
      >
        /
      </span>
    </span>
    <span>
      <span
        className="ant-breadcrumb-link"
      >
        <span
          aria-label={null}
          className="ant-typography repo__text"
          style={
            Object {
              "WebkitLineClamp": null,
            }
          }
        >
          <strong>
            react
          </strong>
        </span>
      </span>
      <span
        className="ant-breadcrumb-separator"
      >
        /
      </span>
    </span>
  </div>
  <div>
    <div
      className="ant-tag repo__tag"
      style={
        Object {
          "backgroundColor": undefined,
        }
      }
    >
      <span
        aria-label={null}
        className="ant-typography"
        style={
          Object {
            "WebkitLineClamp": null,
          }
        }
      >
        Issues
         
        <span
          className="repo__badge ant-badge ant-badge-not-a-wrapper"
        >
          <sup
            className="ant-scroll-number ant-badge-count ant-badge-multiple-words"
            data-show={true}
            style={
              Object {
                "background": "#777",
              }
            }
            title={10}
          >
            <span
              className="ant-scroll-number-only"
              style={
                Object {
                  "WebkitTransform": "translateY(-1100%)",
                  "msTransform": "translateY(-1100%)",
                  "transform": "translateY(-1100%)",
                  "transition": "none",
                }
              }
            >
              <p
                className=""
              >
                0
              </p>
              <p
                className=""
              >
                1
              </p>
              <p
                className=""
              >
                2
              </p>
              <p
                className=""
              >
                3
              </p>
              <p
                className=""
              >
                4
              </p>
              <p
                className=""
              >
                5
              </p>
              <p
                className=""
              >
                6
              </p>
              <p
                className=""
              >
                7
              </p>
              <p
                className=""
              >
                8
              </p>
              <p
                className=""
              >
                9
              </p>
              <p
                className=""
              >
                0
              </p>
              <p
                className="current"
              >
                1
              </p>
              <p
                className=""
              >
                2
              </p>
              <p
                className=""
              >
                3
              </p>
              <p
                className=""
              >
                4
              </p>
              <p
                className=""
              >
                5
              </p>
              <p
                className=""
              >
                6
              </p>
              <p
                className=""
              >
                7
              </p>
              <p
                className=""
              >
                8
              </p>
              <p
                className=""
              >
                9
              </p>
              <p
                className=""
              >
                0
              </p>
              <p
                className=""
              >
                1
              </p>
              <p
                className=""
              >
                2
              </p>
              <p
                className=""
              >
                3
              </p>
              <p
                className=""
              >
                4
              </p>
              <p
                className=""
              >
                5
              </p>
              <p
                className=""
              >
                6
              </p>
              <p
                className=""
              >
                7
              </p>
              <p
                className=""
              >
                8
              </p>
              <p
                className=""
              >
                9
              </p>
            </span>
            <span
              className="ant-scroll-number-only"
              style={
                Object {
                  "WebkitTransform": "translateY(-1000%)",
                  "msTransform": "translateY(-1000%)",
                  "transform": "translateY(-1000%)",
                  "transition": "none",
                }
              }
            >
              <p
                className=""
              >
                0
              </p>
              <p
                className=""
              >
                1
              </p>
              <p
                className=""
              >
                2
              </p>
              <p
                className=""
              >
                3
              </p>
              <p
                className=""
              >
                4
              </p>
              <p
                className=""
              >
                5
              </p>
              <p
                className=""
              >
                6
              </p>
              <p
                className=""
              >
                7
              </p>
              <p
                className=""
              >
                8
              </p>
              <p
                className=""
              >
                9
              </p>
              <p
                className="current"
              >
                0
              </p>
              <p
                className=""
              >
                1
              </p>
              <p
                className=""
              >
                2
              </p>
              <p
                className=""
              >
                3
              </p>
              <p
                className=""
              >
                4
              </p>
              <p
                className=""
              >
                5
              </p>
              <p
                className=""
              >
                6
              </p>
              <p
                className=""
              >
                7
              </p>
              <p
                className=""
              >
                8
              </p>
              <p
                className=""
              >
                9
              </p>
              <p
                className=""
              >
                0
              </p>
              <p
                className=""
              >
                1
              </p>
              <p
                className=""
              >
                2
              </p>
              <p
                className=""
              >
                3
              </p>
              <p
                className=""
              >
                4
              </p>
              <p
                className=""
              >
                5
              </p>
              <p
                className=""
              >
                6
              </p>
              <p
                className=""
              >
                7
              </p>
              <p
                className=""
              >
                8
              </p>
              <p
                className=""
              >
                9
              </p>
            </span>
          </sup>
        </span>
      </span>
    </div>
    <div
      className="ant-tag repo__tag"
      style={
        Object {
          "backgroundColor": undefined,
        }
      }
    >
      <span
        aria-label={null}
        className="ant-typography"
        style={
          Object {
            "WebkitLineClamp": null,
          }
        }
      >
        Pulls
         
        <span
          className="repo__badge ant-badge ant-badge-not-a-wrapper"
        >
          <sup
            className="ant-scroll-number ant-badge-count ant-badge-multiple-words"
            data-show={true}
            style={
              Object {
                "background": "#777",
              }
            }
            title={20}
          >
            <span
              className="ant-scroll-number-only"
              style={
                Object {
                  "WebkitTransform": "translateY(-1200%)",
                  "msTransform": "translateY(-1200%)",
                  "transform": "translateY(-1200%)",
                  "transition": "none",
                }
              }
            >
              <p
                className=""
              >
                0
              </p>
              <p
                className=""
              >
                1
              </p>
              <p
                className=""
              >
                2
              </p>
              <p
                className=""
              >
                3
              </p>
              <p
                className=""
              >
                4
              </p>
              <p
                className=""
              >
                5
              </p>
              <p
                className=""
              >
                6
              </p>
              <p
                className=""
              >
                7
              </p>
              <p
                className=""
              >
                8
              </p>
              <p
                className=""
              >
                9
              </p>
              <p
                className=""
              >
                0
              </p>
              <p
                className=""
              >
                1
              </p>
              <p
                className="current"
              >
                2
              </p>
              <p
                className=""
              >
                3
              </p>
              <p
                className=""
              >
                4
              </p>
              <p
                className=""
              >
                5
              </p>
              <p
                className=""
              >
                6
              </p>
              <p
                className=""
              >
                7
              </p>
              <p
                className=""
              >
                8
              </p>
              <p
                className=""
              >
                9
              </p>
              <p
                className=""
              >
                0
              </p>
              <p
                className=""
              >
                1
              </p>
              <p
                className=""
              >
                2
              </p>
              <p
                className=""
              >
                3
              </p>
              <p
                className=""
              >
                4
              </p>
              <p
                className=""
              >
                5
              </p>
              <p
                className=""
              >
                6
              </p>
              <p
                className=""
              >
                7
              </p>
              <p
                className=""
              >
                8
              </p>
              <p
                className=""
              >
                9
              </p>
            </span>
            <span
              className="ant-scroll-number-only"
              style={
                Object {
                  "WebkitTransform": "translateY(-1000%)",
                  "msTransform": "translateY(-1000%)",
                  "transform": "translateY(-1000%)",
                  "transition": "none",
                }
              }
            >
              <p
                className=""
              >
                0
              </p>
              <p
                className=""
              >
                1
              </p>
              <p
                className=""
              >
                2
              </p>
              <p
                className=""
              >
                3
              </p>
              <p
                className=""
              >
                4
              </p>
              <p
                className=""
              >
                5
              </p>
              <p
                className=""
              >
                6
              </p>
              <p
                className=""
              >
                7
              </p>
              <p
                className=""
              >
                8
              </p>
              <p
                className=""
              >
                9
              </p>
              <p
                className="current"
              >
                0
              </p>
              <p
                className=""
              >
                1
              </p>
              <p
                className=""
              >
                2
              </p>
              <p
                className=""
              >
                3
              </p>
              <p
                className=""
              >
                4
              </p>
              <p
                className=""
              >
                5
              </p>
              <p
                className=""
              >
                6
              </p>
              <p
                className=""
              >
                7
              </p>
              <p
                className=""
              >
                8
              </p>
              <p
                className=""
              >
                9
              </p>
              <p
                className=""
              >
                0
              </p>
              <p
                className=""
              >
                1
              </p>
              <p
                className=""
              >
                2
              </p>
              <p
                className=""
              >
                3
              </p>
              <p
                className=""
              >
                4
              </p>
              <p
                className=""
              >
                5
              </p>
              <p
                className=""
              >
                6
              </p>
              <p
                className=""
              >
                7
              </p>
              <p
                className=""
              >
                8
              </p>
              <p
                className=""
              >
                9
              </p>
            </span>
          </sup>
        </span>
      </span>
    </div>
  </div>
</div>
`;
